03/23/2025 07:06:33 PM:WARNING:Log file created at this point Phoenix, Arizona
03/23/2025 07:11:14 PM:WARNING:Log file created at this point Phoenix, Arizona
03/23/2025 07:14:34 PM:WARNING:Log file created at this point Little Rock, Arkansas
03/23/2025 07:18:53 PM:WARNING:Log file created at this point Phoenix, Arizona
03/23/2025 08:40:17 PM:WARNING:Log file created at this point Phoenix, Arizona
03/23/2025 08:42:11 PM:WARNING:Log file created at this point Little Rock, Arkansas
03/23/2025 08:44:34 PM:WARNING:Log file created at this point Phoenix, Arizona
03/23/2025 08:46:43 PM:WARNING:Log file created at this point Little Rock, Arkansas
03/23/2025 08:48:46 PM:WARNING:Log file created at this point Sacramento, California
03/23/2025 08:50:53 PM:WARNING:Log file created at this point Denver, Colorado
03/23/2025 09:59:07 PM:WARNING:Log file created at this point Phoenix, Arizona
03/23/2025 10:20:52 PM:WARNING:Log file created at this point Little Rock, Arkansas
03/23/2025 10:43:19 PM:WARNING:Log file created at this point Sacramento, California
03/23/2025 10:44:56 PM:WARNING:Log file created at this point Sacramento, California
03/23/2025 10:46:41 PM:WARNING:Log file created at this point Sacramento, California
03/23/2025 10:48:26 PM:WARNING:Log file created at this point Sacramento, California
03/23/2025 10:50:22 PM:WARNING:Log file created at this point Denver, Colorado
03/23/2025 10:51:56 PM:WARNING:Log file created at this point Denver, Colorado
03/23/2025 10:53:45 PM:WARNING:Log file created at this point Denver, Colorado
03/23/2025 10:55:36 PM:WARNING:Log file created at this point Denver, Colorado
03/23/2025 10:57:35 PM:WARNING:Log file created at this point Hartford, Connecticut
03/23/2025 10:58:17 PM:WARNING:Log file created at this point Hartford, Connecticut
03/23/2025 11:00:09 PM:WARNING:Log file created at this point Hartford, Connecticut
03/23/2025 11:02:01 PM:WARNING:Log file created at this point Hartford, Connecticut
03/23/2025 11:03:56 PM:WARNING:Log file created at this point Tallahassee, Florida
03/23/2025 11:05:27 PM:WARNING:Log file created at this point Tallahassee, Florida
03/23/2025 11:07:21 PM:WARNING:Log file created at this point Tallahassee, Florida
03/23/2025 11:09:13 PM:WARNING:Log file created at this point Tallahassee, Florida
03/23/2025 11:11:06 PM:WARNING:Log file created at this point Atlanta, Georgia
03/23/2025 11:12:10 PM:WARNING:Log file created at this point Atlanta, Georgia
03/23/2025 11:13:58 PM:WARNING:Log file created at this point Atlanta, Georgia
03/23/2025 11:15:46 PM:WARNING:Log file created at this point Atlanta, Georgia
03/23/2025 11:17:40 PM:WARNING:Log file created at this point Honolulu, Hawaii
03/23/2025 11:19:17 PM:WARNING:Log file created at this point Honolulu, Hawaii
03/23/2025 11:21:12 PM:WARNING:Log file created at this point Honolulu, Hawaii
03/23/2025 11:23:07 PM:WARNING:Log file created at this point Honolulu, Hawaii
03/23/2025 11:24:55 PM:WARNING:Log file created at this point Boise, Idaho
03/23/2025 11:26:32 PM:WARNING:Log file created at this point Boise, Idaho
03/23/2025 11:28:16 PM:WARNING:Log file created at this point Boise, Idaho
03/23/2025 11:30:01 PM:WARNING:Log file created at this point Boise, Idaho
03/23/2025 11:32:19 PM:WARNING:Log file created at this point Springfield, Illinois
03/23/2025 11:33:43 PM:WARNING:Log file created at this point Springfield, Illinois
03/23/2025 11:35:58 PM:WARNING:Log file created at this point Springfield, Illinois
03/23/2025 11:38:12 PM:WARNING:Log file created at this point Springfield, Illinois
03/23/2025 11:40:09 PM:WARNING:Log file created at this point Indianapolis, Indiana
03/23/2025 11:41:22 PM:WARNING:Log file created at this point Indianapolis, Indiana
03/23/2025 11:43:16 PM:WARNING:Log file created at this point Indianapolis, Indiana
03/23/2025 11:45:13 PM:WARNING:Log file created at this point Indianapolis, Indiana
03/23/2025 11:47:02 PM:WARNING:Log file created at this point Des Moines, Iowa
03/23/2025 11:48:39 PM:WARNING:Log file created at this point Des Moines, Iowa
03/23/2025 11:50:27 PM:WARNING:Log file created at this point Des Moines, Iowa
03/23/2025 11:52:15 PM:WARNING:Log file created at this point Des Moines, Iowa
03/23/2025 11:54:30 PM:WARNING:Log file created at this point Topeka, Kansas
03/23/2025 11:55:29 PM:WARNING:Log file created at this point Topeka, Kansas
03/23/2025 11:57:38 PM:WARNING:Log file created at this point Topeka, Kansas
03/23/2025 11:59:50 PM:WARNING:Log file created at this point Topeka, Kansas
03/24/2025 12:01:46 AM:WARNING:Log file created at this point Frankfort, Kentucky
04/02/2025 11:59:36 AM:WARNING:Log file created at this point User: Interaction for Baltimore to Denver on 2025-05-12
04/02/2025 09:28:38 PM:WARNING:Log file created at this point User: Interaction for Baltimore to Denver on 2025-05-12
04/02/2025 09:32:35 PM:WARNING:Log file created at this point User: Interaction for Baltimore to Denver on 2025-05-12
04/02/2025 09:56:47 PM:WARNING:Log file created at this point User: Interaction for Baltimore  to Denver on 2025-05-12
04/02/2025 10:02:24 PM:WARNING:Log file created at this point User: Interaction for Baltimore to Denver on 2025-05-12
04/02/2025 10:06:11 PM:WARNING:Log file created at this point User: Interaction for Baltimore to Denver on 2025-05-12
04/02/2025 10:15:17 PM:WARNING:Log file created at this point User: Interaction for Baltimore to Denver on 2025-05-12
04/02/2025 10:16:31 PM:WARNING:Log file created at this point User: Interaction for Baltimore to Denver on 2025-05-12
04/02/2025 10:19:39 PM:WARNING:Log file created at this point User: Interaction for Baltimore to Denver on 2025-05-12
04/02/2025 10:29:38 PM:WARNING:Log file created at this point User: Interaction for Baltimore to Denver on 2025-05-12
04/02/2025 10:33:34 PM:WARNING:Log file created at this point User: Interaction for Baltimore to Denver on 2025-05-12
04/02/2025 10:46:26 PM:WARNING:Log file created at this point User: Interaction for Baltimore to Denver on 2025-05-12
04/02/2025 10:50:56 PM:WARNING:Log file created at this point User: Interaction for Baltimore  to Denver on 2025-05-12
04/02/2025 10:52:51 PM:WARNING:Log file created at this point User: Interaction for Baltimore to Denver on 2025-05-12
04/02/2025 10:59:51 PM:WARNING:Log file created at this point User: Interaction for Baltimore to Denver on 2025-05-12
04/02/2025 11:14:57 PM:WARNING:Log file created at this point User: Interaction for Baltimore  to Denver on 2025-05-12
04/02/2025 11:23:53 PM:WARNING:Log file created at this point User: Interaction for Baltimore  to Denver on 2025-05-12
04/02/2025 11:23:53 PM:WARNING:Log file created at this point User: Interaction for Baltimore  to Denver on 2025-05-12
04/06/2025 09:35:55 PM:WARNING:Log file created at this point Montgomery, Alabama
04/15/2025 11:37:39 PM:WARNING:Log file created at this point User: Interaction for BWI to Denver on 2025-05-12
04/15/2025 11:46:09 PM:WARNING:Log file created at this point User: Interaction for BWI to Denver on 2025-05-12
04/15/2025 11:53:39 PM:WARNING:Log file created at this point User: Interaction for BWI to Denver on 2025-05-12
04/15/2025 11:57:20 PM:WARNING:Log file created at this point User: Interaction for BWI to Denver on 2025-05-12
04/16/2025 12:10:44 AM:WARNING:Log file created at this point User: Interaction for BWI to Denver on 2025-05-12
04/16/2025 04:51:17 PM:WARNING:Log file created at this point User: Interaction for BWI to Denver on 2025-05-12
04/16/2025 05:20:14 PM:WARNING:Log file created at this point User: Interaction for BWI to Denver on 2025-05-12
04/16/2025 06:14:03 PM:WARNING:Log file created at this point User: Interaction for BWI to Denver on 2025-05-12
04/16/2025 06:20:36 PM:WARNING:Log file created at this point User: Interaction for BWI to Denver on 2025-05-12
04/16/2025 06:37:48 PM:WARNING:Log file created at this point User: Interaction for BWI to Denver on 2025-05-12
04/16/2025 08:06:03 PM:WARNING:Log file created at this point User: Interaction for BWI to Denver on 2025-05-12
04/16/2025 08:08:44 PM:WARNING:Log file created at this point User: Interaction for BWI to Denver on 2025-05-12
04/16/2025 08:28:25 PM:WARNING:Log file created at this point User: Interaction for Baltimore to Denver on 2025-05-02
04/16/2025 08:36:54 PM:WARNING:Log file created at this point User: Interaction for Baltimore to Denver on 2025-05-12
04/17/2025 02:08:13 PM:WARNING:Log file created at this point User: Interaction for Baltimore to Denver on 2025-05-12
04/17/2025 02:17:28 PM:WARNING:Log file created at this point User: Interaction for Baltimore to Denver on 2025-05-12
04/17/2025 02:56:30 PM:WARNING:Log file created at this point User: Interaction for Baltimore to Denver on 2025-05-12
04/17/2025 03:12:10 PM:WARNING:Log file created at this point User: Interaction for Baltimore to Denver on 2025-05-12
04/17/2025 03:17:23 PM:WARNING:Log file created at this point User: Interaction for Baltimore to Denver on 2025-05-12
04/17/2025 03:19:43 PM:WARNING:Log file created at this point User: Interaction for Baltimore to Denver on 2025-05-12
04/17/2025 03:24:26 PM:WARNING:Log file created at this point User: Interaction for Baltimore to Denver on 2025-05-12
04/17/2025 03:34:13 PM:WARNING:Log file created at this point User: Interaction for Baltimore to Denver on 2025-05-12
04/17/2025 03:38:02 PM:WARNING:Log file created at this point User: Interaction for Baltimore to Denver on 2025-05-12
04/17/2025 03:41:41 PM:WARNING:Log file created at this point User: Interaction for Baltimore to Denver on 2025-05-12
04/17/2025 03:49:20 PM:WARNING:Log file created at this point User: Interaction for Baltimore to Denver on 2025-05-12
04/17/2025 03:53:13 PM:WARNING:Log file created at this point User: Interaction for Baltimore to Denver on 2025-05-12
04/17/2025 04:00:25 PM:WARNING:Log file created at this point User: Interaction for Baltimore to Denver on 2025-05-12
04/17/2025 04:06:36 PM:WARNING:Log file created at this point User: Interaction for Baltimore to Denver on 2025-05-12
04/17/2025 04:14:44 PM:WARNING:Log file created at this point User: Interaction for Baltimore to Denver on 2025-05-12
04/17/2025 04:28:06 PM:WARNING:Log file created at this point User: Interaction for Baltimore to Denver on 2025-05-12
04/17/2025 09:25:45 PM:WARNING:Log file created at this point User: Interaction for Baltimore to Denver on 2025-05-12
04/17/2025 09:39:11 PM:WARNING:Log file created at this point User: Interaction for Baltimore to Denver on 2025-05-12
04/17/2025 09:48:49 PM:WARNING:Log file created at this point User: Interaction for Baltimore to Denver on 2025-05-12
04/17/2025 09:58:57 PM:WARNING:Log file created at this point User: Interaction for Baltimore to Denver on 2025-05-12
04/17/2025 10:15:32 PM:WARNING:Log file created at this point User: Interaction for Baltimore to Denver on 2025-05-12
04/17/2025 10:19:44 PM:WARNING:Log file created at this point User: Interaction for Baltimore to Denver on 2025-05-12
04/17/2025 10:24:37 PM:WARNING:Log file created at this point User: Interaction for Baltimore to Denver on 2025-05-12
04/17/2025 10:31:06 PM:WARNING:Log file created at this point User: Interaction for Baltimore to Denver on 2025-05-12
04/17/2025 10:37:33 PM:WARNING:Log file created at this point User: Interaction for Baltimore to Denver on 2025-05-12
04/17/2025 11:26:29 PM:WARNING:Log file created at this point User: Interaction for Baltimore to Denver on 2025-05-12
04/17/2025 11:38:19 PM:WARNING:Log file created at this point User: Interaction for Baltimore to Denver on 2025-05-12
04/17/2025 11:49:51 PM:WARNING:Log file created at this point User: Interaction for Baltimore to Denver on 2025-05-12
04/18/2025 12:24:07 AM:WARNING:Log file created at this point User: Interaction for Baltimore to Denver on 2025-05-12
04/18/2025 12:28:44 AM:WARNING:Log file created at this point User: Interaction for Baltimore to Denver on 2025-05-12
04/18/2025 12:33:05 AM:WARNING:Log file created at this point User: Interaction for Baltimore to Denver on 2025-05-12
04/18/2025 12:39:52 AM:WARNING:Log file created at this point User: Interaction for Baltimore to Denver on 2025-05-12
04/18/2025 12:44:18 AM:WARNING:Log file created at this point User: Interaction for Baltimore to Denver on 2025-05-12
04/18/2025 12:55:21 AM:WARNING:Log file created at this point User: Interaction for Baltimore to Denver on 2025-05-12
04/18/2025 01:03:24 AM:WARNING:Log file created at this point User: Interaction for Baltimore to Denver on 2025-05-12
04/18/2025 11:55:05 AM:WARNING:Log file created at this point User: Interaction for Baltimore to Denver on 2025-05-12
04/18/2025 12:15:30 PM:WARNING:Log file created at this point User: Interaction for Baltimore to Denver on 2025-05-12
04/18/2025 12:18:31 PM:WARNING:Log file created at this point User: Interaction for Baltimore to Denver on 2025-05-12
04/18/2025 12:25:40 PM:WARNING:Log file created at this point User: Interaction for Baltimore to Denver on 2025-05-12
04/18/2025 12:30:03 PM:WARNING:Log file created at this point User: Interaction for Baltimore to Denver on 2025-05-12
04/18/2025 12:46:26 PM:WARNING:Log file created at this point User: Interaction for Baltimore to Denver on 2025-05-12
04/18/2025 12:52:12 PM:WARNING:Log file created at this point User: Interaction for Baltimore to Denver on 2025-05-12
04/18/2025 01:00:19 PM:WARNING:Log file created at this point User: Interaction for Baltimore to Denver on 2025-05-12
04/18/2025 01:14:21 PM:WARNING:Log file created at this point User: Interaction for Baltimore to Denver on 2025-05-12
04/18/2025 09:11:05 PM:WARNING:Log file created at this point User: Interaction for Baltimore  to Denver on 2025-05-12
04/18/2025 09:51:43 PM:WARNING:Log file created at this point User: Interaction for Baltimore to St. Thomas on 2025-05-12
04/18/2025 10:15:24 PM:WARNING:Log file created at this point User: Interaction for Baltimore to St. Thomas on 2025-05-12
04/18/2025 11:03:05 PM:WARNING:Log file created at this point User: Interaction for Baltimore to Denver on 2025-05-12
04/18/2025 11:30:37 PM:WARNING:Log file created at this point User: Interaction for Baltimore to Denver on 2025-05-12
04/19/2025 05:53:56 AM:WARNING:Log file created at this point User: Interaction for Baltimore to Denver on 2025-05-12
04/19/2025 01:43:07 PM:WARNING:Log file created at this point User: Interaction for Baltimore to Denver on 2025-05-12
04/19/2025 01:50:01 PM:WARNING:Log file created at this point User: Interaction for Baltimore to Denver on 2025-05-12
04/19/2025 01:58:07 PM:WARNING:Log file created at this point User: Interaction for Baltimore  to Denver on 2025-05-12
04/19/2025 02:00:27 PM:WARNING:Log file created at this point User: Interaction for Baltimore to Denver on 2025-05-12
04/19/2025 02:11:19 PM:WARNING:Log file created at this point User: Interaction for Baltimore to Denver on 2025-05-12
04/19/2025 02:20:02 PM:WARNING:Log file created at this point User: Interaction for Baltimore to Denver on 2025-05-12
04/19/2025 02:35:07 PM:WARNING:Log file created at this point User: Interaction for Baltimore to Denver on 2025-05-12
04/19/2025 02:49:18 PM:WARNING:Log file created at this point User: Interaction for Baltimore to Orlando on 2025-05-12
04/19/2025 03:15:18 PM:WARNING:Log file created at this point User: Interaction for Baltimore to Denver on 2025-05-12
04/19/2025 03:23:51 PM:WARNING:Log file created at this point User: Interaction for Denver to Baltimore on 2025-05-12
04/19/2025 03:27:58 PM:WARNING:Log file created at this point User: Interaction for Baltimore to Denver on 2025-05-12
